Below are the result
